========================================================================
Execution Profile by Affinity:
========================================================================
  Affinity: Default (CPU)
    Dispatches: 0 (0.0%)
      Static:    0 (0.0%)
      Dynamic:   0 (0.0%)
    Estimated Static Data Size: 0.00 MB
    Estimated Static Elements: 0.00 M
    Estimated Static Work (Op-Bytes): 0.00 M (0.0%)
    Estimated Static Work (Op-Elems): 0.00 M (0.0%)
    Fills:  0
    Copies: 1
  Affinity: local
    Dispatches: 21 (56.8%)
      Static:    21 (100.0%)
      Dynamic:   0 (0.0%)
    Estimated Static Data Size: 0.12 MB
    Estimated Static Elements: 0.03 M (4.00 bytes/element)
    Estimated Static Work (Op-Bytes): 1.66 M (27.6%)
    Estimated Static Work (Op-Elems): 0.42 M (27.6%)
    Fills:  0
    Copies: 1
  Affinity: coralnpu
    Dispatches: 16 (43.2%)
      Static:    16 (100.0%)
      Dynamic:   0 (0.0%)
    Estimated Static Data Size: 0.19 MB
    Estimated Static Elements: 0.05 M (4.00 bytes/element)
    Estimated Static Work (Op-Bytes): 4.37 M (72.4%)
    Estimated Static Work (Op-Elems): 1.09 M (72.4%)
    Fills:  0
    Copies: 1
========================================================================
